2026-09-28 11:49:49 [restartedMain] INFO  c.e.O.OpenApiAssignmentApplication - Starting OpenApiAssignmentApplication using Java 21.0.12.1 with PID 14216 (C:\Users\gopi.yerriboyina\Downloads\OpenAPIAssignment\OpenAPIAssignment\target\classes started by gopi.yerriboyina in C:\Users\gopi.yerriboyina\Downloads\OpenAPIAssignment\OpenAPIAssignment)
2026-09-28 11:49:49 [restartedMain] INFO  c.e.O.OpenApiAssignmentApplication - No active profile set, falling back to 1 default profile: "default"
2026-09-28 11:49:49 [restartedMain] INFO  o.s.boot.tomcat.TomcatWebServer - Tomcat initialized with port 8080 (http)
2026-09-28 11:49:49 [restartedMain] INFO  o.a.catalina.core.StandardService - Starting service [Tomcat]
2026-09-28 11:49:49 [restartedMain] INFO  o.a.catalina.core.StandardEngine - Starting Servlet engine: [Apache Tomcat/11.0.24]
2026-09-28 11:49:50 [restartedMain] INFO  o.s.b.w.c.s.WebApplicationContextInitializer - Root WebApplicationContext: initialization completed in 847 ms
2026-09-28 11:49:50 [restartedMain] INFO  o.s.boot.tomcat.TomcatWebServer - Tomcat started on port 8080 (http) with context path '/'
2026-09-28 11:49:50 [restartedMain] INFO  c.e.O.OpenApiAssignmentApplication - Started OpenApiAssignmentApplication in 1.902 seconds (process running for 6669.032)
2026-09-28 11:49:50 [restartedMain] INFO  o.s.b.d.a.ConditionEvaluationDeltaLoggingListener - Condition evaluation unchanged
2026-09-28 11:55:53 [File Watcher] INFO  o.s.b.d.a.LocalDevToolsAutoConfiguration$RestartingClassPathChangeChangedEventListener - Restarting due to 1 class path change (0 additions, 0 deletions, 1 modification)
2026-09-28 11:55:53 [Thread-29] INFO  o.s.boot.tomcat.GracefulShutdown - Commencing graceful shutdown. Waiting for active requests to complete
2026-09-28 11:55:53 [tomcat-shutdown] INFO  o.s.boot.tomcat.GracefulShutdown - Graceful shutdown complete
2026-09-28 11:55:53 [restartedMain] INFO  c.e.O.OpenApiAssignmentApplication - Starting OpenApiAssignmentApplication using Java 21.0.12.1 with PID 14216 (C:\Users\gopi.yerriboyina\Downloads\OpenAPIAssignment\OpenAPIAssignment\target\classes started by gopi.yerriboyina in C:\Users\gopi.yerriboyina\Downloads\OpenAPIAssignment\OpenAPIAssignment)
2026-09-28 11:55:53 [restartedMain] INFO  c.e.O.OpenApiAssignmentApplication - No active profile set, falling back to 1 default profile: "default"
2026-09-28 11:55:54 [restartedMain] INFO  o.s.boot.tomcat.TomcatWebServer - Tomcat initialized with port 8080 (http)
2026-09-28 11:55:54 [restartedMain] INFO  o.a.catalina.core.StandardService - Starting service [Tomcat]
2026-09-28 11:55:54 [restartedMain] INFO  o.a.catalina.core.StandardEngine - Starting Servlet engine: [Apache Tomcat/11.0.24]
2026-09-28 11:55:54 [restartedMain] INFO  o.s.b.w.c.s.WebApplicationContextInitializer - Root WebApplicationContext: initialization completed in 687 ms
2026-09-28 11:55:54 [restartedMain] INFO  o.s.boot.tomcat.TomcatWebServer - Tomcat started on port 8080 (http) with context path '/'
2026-09-28 11:55:54 [restartedMain] INFO  c.e.O.OpenApiAssignmentApplication - Started OpenApiAssignmentApplication in 1.246 seconds (process running for 7033.205)
2026-09-28 11:55:54 [restartedMain] INFO  o.s.b.d.a.ConditionEvaluationDeltaLoggingListener - Condition evaluation unchanged
2026-09-28 11:57:26 [File Watcher] INFO  o.s.b.d.a.LocalDevToolsAutoConfiguration$RestartingClassPathChangeChangedEventListener - Restarting due to 1 class path change (0 additions, 0 deletions, 1 modification)
2026-09-28 11:57:26 [Thread-35] INFO  o.s.boot.tomcat.GracefulShutdown - Commencing graceful shutdown. Waiting for active requests to complete
2026-09-28 11:57:26 [tomcat-shutdown] INFO  o.s.boot.tomcat.GracefulShutdown - Graceful shutdown complete
2026-09-28 11:57:26 [restartedMain] INFO  c.e.O.OpenApiAssignmentApplication - Starting OpenApiAssignmentApplication using Java 21.0.12.1 with PID 14216 (C:\Users\gopi.yerriboyina\Downloads\OpenAPIAssignment\OpenAPIAssignment\target\classes started by gopi.yerriboyina in C:\Users\gopi.yerriboyina\Downloads\OpenAPIAssignment\OpenAPIAssignment)
2026-09-28 11:57:26 [restartedMain] INFO  c.e.O.OpenApiAssignmentApplication - No active profile set, falling back to 1 default profile: "default"
2026-09-28 11:57:27 [restartedMain] INFO  o.s.boot.tomcat.TomcatWebServer - Tomcat initialized with port 8080 (http)
2026-09-28 11:57:27 [restartedMain] INFO  o.a.catalina.core.StandardService - Starting service [Tomcat]
2026-09-28 11:57:27 [restartedMain] INFO  o.a.catalina.core.StandardEngine - Starting Servlet engine: [Apache Tomcat/11.0.24]
2026-09-28 11:57:27 [restartedMain] INFO  o.s.b.w.c.s.WebApplicationContextInitializer - Root WebApplicationContext: initialization completed in 521 ms
2026-09-28 11:57:27 [restartedMain] INFO  o.s.boot.tomcat.TomcatWebServer - Tomcat started on port 8080 (http) with context path '/'
2026-09-28 11:57:27 [restartedMain] INFO  c.e.O.OpenApiAssignmentApplication - Started OpenApiAssignmentApplication in 0.77 seconds (process running for 7125.546)
2026-09-28 11:57:27 [restartedMain] INFO  o.s.b.d.a.ConditionEvaluationDeltaLoggingListener - Condition evaluation unchanged
2026-09-28 11:59:40 [File Watcher] INFO  o.s.b.d.a.LocalDevToolsAutoConfiguration$RestartingClassPathChangeChangedEventListener - Restarting due to 3 class path changes (0 additions, 0 deletions, 3 modifications)
2026-09-28 11:59:40 [Thread-39] INFO  o.s.boot.tomcat.GracefulShutdown - Commencing graceful shutdown. Waiting for active requests to complete
2026-09-28 11:59:40 [tomcat-shutdown] INFO  o.s.boot.tomcat.GracefulShutdown - Graceful shutdown complete
2026-09-28 11:59:41 [restartedMain] INFO  c.e.O.OpenApiAssignmentApplication - Starting OpenApiAssignmentApplication using Java 21.0.12.1 with PID 14216 (C:\Users\gopi.yerriboyina\Downloads\OpenAPIAssignment\OpenAPIAssignment\target\classes started by gopi.yerriboyina in C:\Users\gopi.yerriboyina\Downloads\OpenAPIAssignment\OpenAPIAssignment)
2026-09-28 11:59:41 [restartedMain] INFO  c.e.O.OpenApiAssignmentApplication - No active profile set, falling back to 1 default profile: "default"
2026-09-28 11:59:41 [restartedMain] INFO  o.s.boot.tomcat.TomcatWebServer - Tomcat initialized with port 8080 (http)
2026-09-28 11:59:41 [restartedMain] INFO  o.a.catalina.core.StandardService - Starting service [Tomcat]
2026-09-28 11:59:41 [restartedMain] INFO  o.a.catalina.core.StandardEngine - Starting Servlet engine: [Apache Tomcat/11.0.24]
2026-09-28 11:59:41 [restartedMain] INFO  o.s.b.w.c.s.WebApplicationContextInitializer - Root WebApplicationContext: initialization completed in 684 ms
2026-09-28 11:59:42 [restartedMain] INFO  o.s.boot.tomcat.TomcatWebServer - Tomcat started on port 8080 (http) with context path '/'
2026-09-28 11:59:42 [restartedMain] INFO  c.e.O.OpenApiAssignmentApplication - Started OpenApiAssignmentApplication in 1.231 seconds (process running for 7260.526)
2026-09-28 11:59:42 [restartedMain] INFO  o.s.b.d.a.ConditionEvaluationDeltaLoggingListener - Condition evaluation unchanged
2026-09-28 11:59:46 [background-preinit] INFO  o.h.validator.internal.util.Version - HV000001: Hibernate Validator 9.1.3.Final
2026-09-28 11:59:46 [restartedMain] INFO  c.e.O.OpenApiAssignmentApplication - Starting OpenApiAssignmentApplication using Java 21.0.12.1 with PID 7440 (C:\Users\gopi.yerriboyina\Downloads\OpenAPIAssignment\OpenAPIAssignment\target\classes started by gopi.yerriboyina in C:\Users\gopi.yerriboyina\Downloads\OpenAPIAssignment\OpenAPIAssignment)
2026-09-28 11:59:46 [restartedMain] INFO  c.e.O.OpenApiAssignmentApplication - No active profile set, falling back to 1 default profile: "default"
2026-09-28 11:59:46 [restartedMain] INFO  o.s.b.d.e.DevToolsPropertyDefaultsPostProcessor - Devtools property defaults active! Set 'spring.devtools.add-properties' to 'false' to disable
2026-09-28 11:59:46 [restartedMain] INFO  o.s.b.d.e.DevToolsPropertyDefaultsPostProcessor - For additional web related logging consider setting the 'logging.level.web' property to 'DEBUG'
2026-09-28 11:59:50 [restartedMain] INFO  o.s.boot.tomcat.TomcatWebServer - Tomcat initialized with port 8080 (http)
2026-09-28 11:59:50 [restartedMain] INFO  o.a.coyote.http11.Http11NioProtocol - Initializing ProtocolHandler ["http-nio-8080"]
2026-09-28 11:59:50 [restartedMain] INFO  o.a.catalina.core.StandardService - Starting service [Tomcat]
2026-09-28 11:59:50 [restartedMain] INFO  o.a.catalina.core.StandardEngine - Starting Servlet engine: [Apache Tomcat/11.0.24]
2026-09-28 11:59:50 [restartedMain] INFO  o.s.b.w.c.s.WebApplicationContextInitializer - Root WebApplicationContext: initialization completed in 4080 ms
2026-09-28 11:59:52 [restartedMain] INFO  o.a.coyote.http11.Http11NioProtocol - Starting ProtocolHandler ["http-nio-8080"]
2026-09-28 11:59:52 [restartedMain] WARN  o.s.b.w.s.s.c.AnnotationConfigServletWebServerApplicationContext - Exception encountered during context initialization - cancelling refresh attempt: org.springframework.context.ApplicationContextException: Failed to start bean 'webServerStartStop'
2026-09-28 11:59:52 [restartedMain] INFO  o.s.b.a.l.ConditionEvaluationReportLogger - 

Error starting ApplicationContext. To display the condition evaluation report re-run your application with 'debug' enabled.
2026-09-28 11:59:52 [restartedMain] ERROR o.s.b.d.LoggingFailureAnalysisReporter - 

***************************
APPLICATION FAILED TO START
***************************

Description:

Web server failed to start. Port 8080 was already in use.

Action:

Identify and stop the process that's listening on port 8080 or configure this application to listen on another port.

2026-09-28 12:04:42 [File Watcher] INFO  o.s.b.d.a.LocalDevToolsAutoConfiguration$RestartingClassPathChangeChangedEventListener - Restarting due to 1 class path change (0 additions, 0 deletions, 1 modification)
2026-09-28 12:04:42 [Thread-43] INFO  o.s.boot.tomcat.GracefulShutdown - Commencing graceful shutdown. Waiting for active requests to complete
2026-09-28 12:04:42 [tomcat-shutdown] INFO  o.s.boot.tomcat.GracefulShutdown - Graceful shutdown complete
2026-09-28 12:04:42 [restartedMain] INFO  c.e.O.OpenApiAssignmentApplication - Starting OpenApiAssignmentApplication using Java 21.0.12.1 with PID 14216 (C:\Users\gopi.yerriboyina\Downloads\OpenAPIAssignment\OpenAPIAssignment\target\classes started by gopi.yerriboyina in C:\Users\gopi.yerriboyina\Downloads\OpenAPIAssignment\OpenAPIAssignment)
2026-09-28 12:04:42 [restartedMain] INFO  c.e.O.OpenApiAssignmentApplication - No active profile set, falling back to 1 default profile: "default"
2026-09-28 12:04:43 [restartedMain] INFO  o.s.boot.tomcat.TomcatWebServer - Tomcat initialized with port 8080 (http)
2026-09-28 12:04:43 [restartedMain] INFO  o.a.catalina.core.StandardService - Starting service [Tomcat]
2026-09-28 12:04:43 [restartedMain] INFO  o.a.catalina.core.StandardEngine - Starting Servlet engine: [Apache Tomcat/11.0.24]
2026-09-28 12:04:43 [restartedMain] INFO  o.s.b.w.c.s.WebApplicationContextInitializer - Root WebApplicationContext: initialization completed in 751 ms
2026-09-28 12:04:43 [restartedMain] INFO  o.s.boot.tomcat.TomcatWebServer - Tomcat started on port 8080 (http) with context path '/'
2026-09-28 12:04:43 [restartedMain] INFO  c.e.O.OpenApiAssignmentApplication - Started OpenApiAssignmentApplication in 1.18 seconds (process running for 7561.967)
2026-09-28 12:04:43 [restartedMain] INFO  o.s.b.d.a.ConditionEvaluationDeltaLoggingListener - Condition evaluation unchanged
2026-09-28 12:04:56 [File Watcher] INFO  o.s.b.d.a.LocalDevToolsAutoConfiguration$RestartingClassPathChangeChangedEventListener - Restarting due to 1 class path change (0 additions, 0 deletions, 1 modification)
2026-09-28 12:04:56 [Thread-47] INFO  o.s.boot.tomcat.GracefulShutdown - Commencing graceful shutdown. Waiting for active requests to complete
2026-09-28 12:04:56 [tomcat-shutdown] INFO  o.s.boot.tomcat.GracefulShutdown - Graceful shutdown complete
2026-09-28 12:04:56 [restartedMain] INFO  c.e.O.OpenApiAssignmentApplication - Starting OpenApiAssignmentApplication using Java 21.0.12.1 with PID 14216 (C:\Users\gopi.yerriboyina\Downloads\OpenAPIAssignment\OpenAPIAssignment\target\classes started by gopi.yerriboyina in C:\Users\gopi.yerriboyina\Downloads\OpenAPIAssignment\OpenAPIAssignment)
2026-09-28 12:04:56 [restartedMain] INFO  c.e.O.OpenApiAssignmentApplication - No active profile set, falling back to 1 default profile: "default"
2026-09-28 12:04:57 [restartedMain] INFO  o.s.boot.tomcat.TomcatWebServer - Tomcat initialized with port 8080 (http)
2026-09-28 12:04:57 [restartedMain] INFO  o.a.catalina.core.StandardService - Starting service [Tomcat]
2026-09-28 12:04:57 [restartedMain] INFO  o.a.catalina.core.StandardEngine - Starting Servlet engine: [Apache Tomcat/11.0.24]
2026-09-28 12:04:57 [restartedMain] INFO  o.s.b.w.c.s.WebApplicationContextInitializer - Root WebApplicationContext: initialization completed in 571 ms
2026-09-28 12:04:57 [restartedMain] INFO  o.s.boot.tomcat.TomcatWebServer - Tomcat started on port 8080 (http) with context path '/'
2026-09-28 12:04:57 [restartedMain] INFO  c.e.O.OpenApiAssignmentApplication - Started OpenApiAssignmentApplication in 0.848 seconds (process running for 7575.913)
2026-09-28 12:04:57 [restartedMain] INFO  o.s.b.d.a.ConditionEvaluationDeltaLoggingListener - Condition evaluation unchanged
2026-09-28 12:06:36 [http-nio-8080-exec-1] INFO  o.a.c.c.C.[Tomcat].[localhost].[/] - Initializing Spring DispatcherServlet 'dispatcherServlet'
2026-09-28 12:06:36 [http-nio-8080-exec-1] INFO  o.s.web.servlet.DispatcherServlet - Initializing Servlet 'dispatcherServlet'
2026-09-28 12:06:36 [http-nio-8080-exec-1] INFO  o.s.web.servlet.DispatcherServlet - Completed initialization in 3 ms
2026-09-28 12:06:37 [http-nio-8080-exec-3] INFO  o.s.api.AbstractOpenApiResource - Init duration for springdoc-openapi is: 589 ms
2026-09-28 12:11:44 [File Watcher] INFO  o.s.b.d.a.LocalDevToolsAutoConfiguration$RestartingClassPathChangeChangedEventListener - Restarting due to 1 class path change (0 additions, 0 deletions, 1 modification)
2026-09-28 12:11:44 [Thread-51] INFO  o.s.boot.tomcat.GracefulShutdown - Commencing graceful shutdown. Waiting for active requests to complete
2026-09-28 12:11:44 [tomcat-shutdown] INFO  o.s.boot.tomcat.GracefulShutdown - Graceful shutdown complete
2026-09-28 12:11:45 [restartedMain] INFO  c.e.O.OpenApiAssignmentApplication - Starting OpenApiAssignmentApplication using Java 21.0.12.1 with PID 14216 (C:\Users\gopi.yerriboyina\Downloads\OpenAPIAssignment\OpenAPIAssignment\target\classes started by gopi.yerriboyina in C:\Users\gopi.yerriboyina\Downloads\OpenAPIAssignment\OpenAPIAssignment)
2026-09-28 12:11:45 [restartedMain] INFO  c.e.O.OpenApiAssignmentApplication - No active profile set, falling back to 1 default profile: "default"
2026-09-28 12:11:45 [restartedMain] INFO  o.s.boot.tomcat.TomcatWebServer - Tomcat initialized with port 8080 (http)
2026-09-28 12:11:45 [restartedMain] INFO  o.a.catalina.core.StandardService - Starting service [Tomcat]
2026-09-28 12:11:45 [restartedMain] INFO  o.a.catalina.core.StandardEngine - Starting Servlet engine: [Apache Tomcat/11.0.24]
2026-09-28 12:11:46 [restartedMain] INFO  o.s.b.w.c.s.WebApplicationContextInitializer - Root WebApplicationContext: initialization completed in 929 ms
2026-09-28 12:11:46 [restartedMain] INFO  o.s.boot.tomcat.TomcatWebServer - Tomcat started on port 8080 (http) with context path '/'
2026-09-28 12:11:46 [restartedMain] INFO  c.e.O.OpenApiAssignmentApplication - Started OpenApiAssignmentApplication in 1.366 seconds (process running for 7984.621)
2026-09-28 12:11:46 [restartedMain] INFO  o.s.b.d.a.ConditionEvaluationDeltaLoggingListener - Condition evaluation unchanged
2026-09-28 12:15:31 [File Watcher] INFO  o.s.b.d.a.LocalDevToolsAutoConfiguration$RestartingClassPathChangeChangedEventListener - Restarting due to 1 class path change (0 additions, 0 deletions, 1 modification)
2026-09-28 12:15:31 [Thread-55] INFO  o.s.boot.tomcat.GracefulShutdown - Commencing graceful shutdown. Waiting for active requests to complete
2026-09-28 12:15:31 [tomcat-shutdown] INFO  o.s.boot.tomcat.GracefulShutdown - Graceful shutdown complete
2026-09-28 12:15:31 [restartedMain] INFO  c.e.O.OpenApiAssignmentApplication - Starting OpenApiAssignmentApplication using Java 21.0.12.1 with PID 14216 (C:\Users\gopi.yerriboyina\Downloads\OpenAPIAssignment\OpenAPIAssignment\target\classes started by gopi.yerriboyina in C:\Users\gopi.yerriboyina\Downloads\OpenAPIAssignment\OpenAPIAssignment)
2026-09-28 12:15:31 [restartedMain] INFO  c.e.O.OpenApiAssignmentApplication - No active profile set, falling back to 1 default profile: "default"
2026-09-28 12:15:32 [restartedMain] INFO  o.s.boot.tomcat.TomcatWebServer - Tomcat initialized with port 8080 (http)
2026-09-28 12:15:32 [restartedMain] INFO  o.a.catalina.core.StandardService - Starting service [Tomcat]
2026-09-28 12:15:32 [restartedMain] INFO  o.a.catalina.core.StandardEngine - Starting Servlet engine: [Apache Tomcat/11.0.24]
2026-09-28 12:15:32 [restartedMain] INFO  o.s.b.w.c.s.WebApplicationContextInitializer - Root WebApplicationContext: initialization completed in 506 ms
2026-09-28 12:15:32 [restartedMain] INFO  o.s.boot.tomcat.TomcatWebServer - Tomcat started on port 8080 (http) with context path '/'
2026-09-28 12:15:32 [restartedMain] INFO  c.e.O.OpenApiAssignmentApplication - Started OpenApiAssignmentApplication in 0.799 seconds (process running for 8210.759)
2026-09-28 12:15:32 [restartedMain] INFO  o.s.b.d.a.ConditionEvaluationDeltaLoggingListener - Condition evaluation unchanged
2026-09-28 12:15:39 [http-nio-8080-exec-1] INFO  o.a.c.c.C.[Tomcat].[localhost].[/] - Initializing Spring DispatcherServlet 'dispatcherServlet'
2026-09-28 12:15:39 [http-nio-8080-exec-1] INFO  o.s.web.servlet.DispatcherServlet - Initializing Servlet 'dispatcherServlet'
2026-09-28 12:15:39 [http-nio-8080-exec-1] INFO  o.s.web.servlet.DispatcherServlet - Completed initialization in 2 ms
2026-09-28 12:15:40 [http-nio-8080-exec-4] INFO  o.s.api.AbstractOpenApiResource - Init duration for springdoc-openapi is: 591 ms
2026-09-28 12:16:17 [http-nio-8080-exec-5] INFO  c.e.O.controller.CustomerController - Creating a new customer
2026-09-28 12:17:23 [http-nio-8080-exec-8] INFO  c.e.O.controller.CustomerController - Getting all customers
2026-09-28 12:23:32 [File Watcher] INFO  o.s.b.d.a.LocalDevToolsAutoConfiguration$RestartingClassPathChangeChangedEventListener - Restarting due to 1 class path change (1 addition, 0 deletions, 0 modifications)
2026-09-28 12:23:32 [Thread-59] INFO  o.s.boot.tomcat.GracefulShutdown - Commencing graceful shutdown. Waiting for active requests to complete
2026-09-28 12:23:32 [tomcat-shutdown] INFO  o.s.boot.tomcat.GracefulShutdown - Graceful shutdown complete
2026-09-28 12:23:33 [restartedMain] INFO  c.e.O.OpenApiAssignmentApplication - Starting OpenApiAssignmentApplication using Java 21.0.12.1 with PID 14216 (C:\Users\gopi.yerriboyina\Downloads\OpenAPIAssignment\OpenAPIAssignment\target\classes started by gopi.yerriboyina in C:\Users\gopi.yerriboyina\Downloads\OpenAPIAssignment\OpenAPIAssignment)
2026-09-28 12:23:33 [restartedMain] INFO  c.e.O.OpenApiAssignmentApplication - No active profile set, falling back to 1 default profile: "default"
2026-09-28 12:23:33 [restartedMain] INFO  o.s.boot.tomcat.TomcatWebServer - Tomcat initialized with port 8080 (http)
2026-09-28 12:23:33 [restartedMain] INFO  o.a.catalina.core.StandardService - Starting service [Tomcat]
2026-09-28 12:23:33 [restartedMain] INFO  o.a.catalina.core.StandardEngine - Starting Servlet engine: [Apache Tomcat/11.0.24]
2026-09-28 12:23:33 [restartedMain] INFO  o.s.b.w.c.s.WebApplicationContextInitializer - Root WebApplicationContext: initialization completed in 694 ms
2026-09-28 12:23:33 [restartedMain] INFO  o.s.boot.tomcat.TomcatWebServer - Tomcat started on port 8080 (http) with context path '/'
2026-09-28 12:23:33 [restartedMain] INFO  c.e.O.OpenApiAssignmentApplication - Started OpenApiAssignmentApplication in 0.989 seconds (process running for 8692.251)
2026-09-28 12:23:33 [restartedMain] INFO  o.s.b.d.a.ConditionEvaluationDeltaLoggingListener - Condition evaluation unchanged
2026-09-28 12:23:54 [File Watcher] INFO  o.s.b.d.a.LocalDevToolsAutoConfiguration$RestartingClassPathChangeChangedEventListener - Restarting due to 1 class path change (1 addition, 0 deletions, 0 modifications)
2026-09-28 12:23:54 [Thread-63] INFO  o.s.boot.tomcat.GracefulShutdown - Commencing graceful shutdown. Waiting for active requests to complete
2026-09-28 12:23:54 [tomcat-shutdown] INFO  o.s.boot.tomcat.GracefulShutdown - Graceful shutdown complete
2026-09-28 12:23:55 [restartedMain] INFO  c.e.O.OpenApiAssignmentApplication - Starting OpenApiAssignmentApplication using Java 21.0.12.1 with PID 14216 (C:\Users\gopi.yerriboyina\Downloads\OpenAPIAssignment\OpenAPIAssignment\target\classes started by gopi.yerriboyina in C:\Users\gopi.yerriboyina\Downloads\OpenAPIAssignment\OpenAPIAssignment)
2026-09-28 12:23:55 [restartedMain] INFO  c.e.O.OpenApiAssignmentApplication - No active profile set, falling back to 1 default profile: "default"
2026-09-28 12:23:56 [restartedMain] INFO  o.s.boot.tomcat.TomcatWebServer - Tomcat initialized with port 8080 (http)
2026-09-28 12:23:56 [restartedMain] INFO  o.a.catalina.core.StandardService - Starting service [Tomcat]
2026-09-28 12:23:56 [restartedMain] INFO  o.a.catalina.core.StandardEngine - Starting Servlet engine: [Apache Tomcat/11.0.24]
2026-09-28 12:23:57 [restartedMain] INFO  o.s.b.w.c.s.WebApplicationContextInitializer - Root WebApplicationContext: initialization completed in 1213 ms
2026-09-28 12:23:57 [restartedMain] INFO  o.s.boot.tomcat.TomcatWebServer - Tomcat started on port 8080 (http) with context path '/'
2026-09-28 12:23:57 [restartedMain] INFO  c.e.O.OpenApiAssignmentApplication - Started OpenApiAssignmentApplication in 2.249 seconds (process running for 8715.805)
2026-09-28 12:23:57 [restartedMain] INFO  o.s.b.d.a.ConditionEvaluationDeltaLoggingListener - Condition evaluation unchanged
2026-09-28 12:25:22 [File Watcher] INFO  o.s.b.d.a.LocalDevToolsAutoConfiguration$RestartingClassPathChangeChangedEventListener - Restarting due to 1 class path change (0 additions, 0 deletions, 1 modification)
2026-09-28 12:25:22 [Thread-67] INFO  o.s.boot.tomcat.GracefulShutdown - Commencing graceful shutdown. Waiting for active requests to complete
2026-09-28 12:25:22 [tomcat-shutdown] INFO  o.s.boot.tomcat.GracefulShutdown - Graceful shutdown complete
2026-09-28 12:25:22 [restartedMain] INFO  c.e.O.OpenApiAssignmentApplication - Starting OpenApiAssignmentApplication using Java 21.0.12.1 with PID 14216 (C:\Users\gopi.yerriboyina\Downloads\OpenAPIAssignment\OpenAPIAssignment\target\classes started by gopi.yerriboyina in C:\Users\gopi.yerriboyina\Downloads\OpenAPIAssignment\OpenAPIAssignment)
2026-09-28 12:25:22 [restartedMain] INFO  c.e.O.OpenApiAssignmentApplication - No active profile set, falling back to 1 default profile: "default"
2026-09-28 12:25:23 [restartedMain] INFO  o.s.boot.tomcat.TomcatWebServer - Tomcat initialized with port 8080 (http)
2026-09-28 12:25:23 [restartedMain] INFO  o.a.catalina.core.StandardService - Starting service [Tomcat]
2026-09-28 12:25:23 [restartedMain] INFO  o.a.catalina.core.StandardEngine - Starting Servlet engine: [Apache Tomcat/11.0.24]
2026-09-28 12:25:23 [restartedMain] INFO  o.s.b.w.c.s.WebApplicationContextInitializer - Root WebApplicationContext: initialization completed in 624 ms
2026-09-28 12:25:23 [restartedMain] INFO  o.s.boot.tomcat.TomcatWebServer - Tomcat started on port 8080 (http) with context path '/'
2026-09-28 12:25:23 [restartedMain] INFO  c.e.O.OpenApiAssignmentApplication - Started OpenApiAssignmentApplication in 0.914 seconds (process running for 8801.909)
2026-09-28 12:25:23 [restartedMain] INFO  o.s.b.d.a.ConditionEvaluationDeltaLoggingListener - Condition evaluation unchanged
2026-09-28 12:28:46 [File Watcher] INFO  o.s.b.d.a.LocalDevToolsAutoConfiguration$RestartingClassPathChangeChangedEventListener - Restarting due to 1 class path change (0 additions, 0 deletions, 1 modification)
2026-09-28 12:28:46 [Thread-71] INFO  o.s.boot.tomcat.GracefulShutdown - Commencing graceful shutdown. Waiting for active requests to complete
2026-09-28 12:28:46 [tomcat-shutdown] INFO  o.s.boot.tomcat.GracefulShutdown - Graceful shutdown complete
2026-09-28 12:28:46 [restartedMain] INFO  c.e.O.OpenApiAssignmentApplication - Starting OpenApiAssignmentApplication using Java 21.0.12.1 with PID 14216 (C:\Users\gopi.yerriboyina\Downloads\OpenAPIAssignment\OpenAPIAssignment\target\classes started by gopi.yerriboyina in C:\Users\gopi.yerriboyina\Downloads\OpenAPIAssignment\OpenAPIAssignment)
2026-09-28 12:28:46 [restartedMain] INFO  c.e.O.OpenApiAssignmentApplication - No active profile set, falling back to 1 default profile: "default"
2026-09-28 12:28:47 [restartedMain] INFO  o.s.boot.tomcat.TomcatWebServer - Tomcat initialized with port 8080 (http)
2026-09-28 12:28:47 [restartedMain] INFO  o.a.catalina.core.StandardService - Starting service [Tomcat]
2026-09-28 12:28:47 [restartedMain] INFO  o.a.catalina.core.StandardEngine - Starting Servlet engine: [Apache Tomcat/11.0.24]
2026-09-28 12:28:47 [restartedMain] INFO  o.s.b.w.c.s.WebApplicationContextInitializer - Root WebApplicationContext: initialization completed in 872 ms
2026-09-28 12:28:47 [restartedMain] INFO  o.s.boot.tomcat.TomcatWebServer - Tomcat started on port 8080 (http) with context path '/'
2026-09-28 12:28:47 [restartedMain] INFO  c.e.O.OpenApiAssignmentApplication - Started OpenApiAssignmentApplication in 1.416 seconds (process running for 9006.079)
2026-09-28 12:28:47 [restartedMain] INFO  o.s.b.d.a.ConditionEvaluationDeltaLoggingListener - Condition evaluation unchanged
2026-09-28 12:29:14 [File Watcher] INFO  o.s.b.d.a.LocalDevToolsAutoConfiguration$RestartingClassPathChangeChangedEventListener - Restarting due to 1 class path change (0 additions, 0 deletions, 1 modification)
2026-09-28 12:29:14 [Thread-75] INFO  o.s.boot.tomcat.GracefulShutdown - Commencing graceful shutdown. Waiting for active requests to complete
2026-09-28 12:29:14 [tomcat-shutdown] INFO  o.s.boot.tomcat.GracefulShutdown - Graceful shutdown complete
2026-09-28 12:29:14 [restartedMain] INFO  [correlationId=] c.e.O.OpenApiAssignmentApplication - Starting OpenApiAssignmentApplication using Java 21.0.12.1 with PID 14216 (C:\Users\gopi.yerriboyina\Downloads\OpenAPIAssignment\OpenAPIAssignment\target\classes started by gopi.yerriboyina in C:\Users\gopi.yerriboyina\Downloads\OpenAPIAssignment\OpenAPIAssignment)
2026-09-28 12:29:14 [restartedMain] INFO  [correlationId=] c.e.O.OpenApiAssignmentApplication - No active profile set, falling back to 1 default profile: "default"
2026-09-28 12:29:15 [restartedMain] INFO  [correlationId=] o.s.boot.tomcat.TomcatWebServer - Tomcat initialized with port 8080 (http)
2026-09-28 12:29:15 [restartedMain] INFO  [correlationId=] o.a.catalina.core.StandardService - Starting service [Tomcat]
2026-09-28 12:29:15 [restartedMain] INFO  [correlationId=] o.a.catalina.core.StandardEngine - Starting Servlet engine: [Apache Tomcat/11.0.24]
2026-09-28 12:29:15 [restartedMain] INFO  [correlationId=] o.s.b.w.c.s.WebApplicationContextInitializer - Root WebApplicationContext: initialization completed in 939 ms
2026-09-28 12:29:15 [restartedMain] INFO  [correlationId=] o.s.boot.tomcat.TomcatWebServer - Tomcat started on port 8080 (http) with context path '/'
2026-09-28 12:29:15 [restartedMain] INFO  [correlationId=] c.e.O.OpenApiAssignmentApplication - Started OpenApiAssignmentApplication in 1.368 seconds (process running for 9034.078)
2026-09-28 12:29:15 [restartedMain] INFO  [correlationId=] o.s.b.d.a.ConditionEvaluationDeltaLoggingListener - Condition evaluation unchanged
2026-09-28 12:30:02 [http-nio-8080-exec-1] INFO  [correlationId=] o.a.c.c.C.[Tomcat].[localhost].[/] - Initializing Spring DispatcherServlet 'dispatcherServlet'
2026-09-28 12:30:02 [http-nio-8080-exec-1] INFO  [correlationId=] o.s.web.servlet.DispatcherServlet - Initializing Servlet 'dispatcherServlet'
2026-09-28 12:30:02 [http-nio-8080-exec-1] INFO  [correlationId=] o.s.web.servlet.DispatcherServlet - Completed initialization in 2 ms
2026-09-28 12:32:03 [http-nio-8080-exec-3] INFO  [correlationId=9f4da008-178f-4d46-ab6a-233795dc0cda] c.e.O.controller.CustomerController - Getting all customers
2026-09-28 12:35:54 [File Watcher] INFO  [correlationId=] o.s.b.d.a.LocalDevToolsAutoConfiguration$RestartingClassPathChangeChangedEventListener - Restarting due to 1 class path change (1 addition, 0 deletions, 0 modifications)
2026-09-28 12:35:54 [Thread-79] INFO  [correlationId=] o.s.boot.tomcat.GracefulShutdown - Commencing graceful shutdown. Waiting for active requests to complete
2026-09-28 12:35:54 [tomcat-shutdown] INFO  [correlationId=] o.s.boot.tomcat.GracefulShutdown - Graceful shutdown complete
2026-09-28 12:35:54 [restartedMain] INFO  [correlationId=] c.e.O.OpenApiAssignmentApplication - Starting OpenApiAssignmentApplication using Java 21.0.12.1 with PID 14216 (C:\Users\gopi.yerriboyina\Downloads\OpenAPIAssignment\OpenAPIAssignment\target\classes started by gopi.yerriboyina in C:\Users\gopi.yerriboyina\Downloads\OpenAPIAssignment\OpenAPIAssignment)
2026-09-28 12:35:54 [restartedMain] INFO  [correlationId=] c.e.O.OpenApiAssignmentApplication - No active profile set, falling back to 1 default profile: "default"
2026-09-28 12:35:56 [restartedMain] INFO  [correlationId=] o.s.boot.tomcat.TomcatWebServer - Tomcat initialized with port 8080 (http)
2026-09-28 12:35:56 [restartedMain] INFO  [correlationId=] o.a.catalina.core.StandardService - Starting service [Tomcat]
2026-09-28 12:35:56 [restartedMain] INFO  [correlationId=] o.a.catalina.core.StandardEngine - Starting Servlet engine: [Apache Tomcat/11.0.24]
2026-09-28 12:35:56 [restartedMain] INFO  [correlationId=] o.s.b.w.c.s.WebApplicationContextInitializer - Root WebApplicationContext: initialization completed in 1504 ms
2026-09-28 12:35:56 [restartedMain] INFO  [correlationId=] o.s.boot.tomcat.TomcatWebServer - Tomcat started on port 8080 (http) with context path '/'
2026-09-28 12:35:56 [restartedMain] INFO  [correlationId=] c.e.O.OpenApiAssignmentApplication - Started OpenApiAssignmentApplication in 1.867 seconds (process running for 9434.927)
2026-09-28 12:35:56 [restartedMain] INFO  [correlationId=] o.s.b.d.a.ConditionEvaluationDeltaLoggingListener - Condition evaluation unchanged
2026-09-28 12:36:17 [File Watcher] INFO  [correlationId=] o.s.b.d.a.LocalDevToolsAutoConfiguration$RestartingClassPathChangeChangedEventListener - Restarting due to 1 class path change (0 additions, 0 deletions, 1 modification)
2026-09-28 12:36:17 [Thread-83] INFO  [correlationId=] o.s.boot.tomcat.GracefulShutdown - Commencing graceful shutdown. Waiting for active requests to complete
2026-09-28 12:36:17 [tomcat-shutdown] INFO  [correlationId=] o.s.boot.tomcat.GracefulShutdown - Graceful shutdown complete
2026-09-28 12:36:17 [restartedMain] INFO  [correlationId=] c.e.O.OpenApiAssignmentApplication - Starting OpenApiAssignmentApplication using Java 21.0.12.1 with PID 14216 (C:\Users\gopi.yerriboyina\Downloads\OpenAPIAssignment\OpenAPIAssignment\target\classes started by gopi.yerriboyina in C:\Users\gopi.yerriboyina\Downloads\OpenAPIAssignment\OpenAPIAssignment)
2026-09-28 12:36:17 [restartedMain] INFO  [correlationId=] c.e.O.OpenApiAssignmentApplication - No active profile set, falling back to 1 default profile: "default"
2026-09-28 12:36:19 [restartedMain] INFO  [correlationId=] o.s.boot.tomcat.TomcatWebServer - Tomcat initialized with port 8080 (http)
2026-09-28 12:36:19 [restartedMain] INFO  [correlationId=] o.a.catalina.core.StandardService - Starting service [Tomcat]
2026-09-28 12:36:19 [restartedMain] INFO  [correlationId=] o.a.catalina.core.StandardEngine - Starting Servlet engine: [Apache Tomcat/11.0.24]
2026-09-28 12:36:19 [restartedMain] INFO  [correlationId=] o.s.b.w.c.s.WebApplicationContextInitializer - Root WebApplicationContext: initialization completed in 1531 ms
2026-09-28 12:36:19 [restartedMain] INFO  [correlationId=] o.s.boot.tomcat.TomcatWebServer - Tomcat started on port 8080 (http) with context path '/'
2026-09-28 12:36:19 [restartedMain] INFO  [correlationId=] c.e.O.OpenApiAssignmentApplication - Started OpenApiAssignmentApplication in 2.179 seconds (process running for 9457.933)
2026-09-28 12:36:19 [restartedMain] INFO  [correlationId=] o.s.b.d.a.ConditionEvaluationDeltaLoggingListener - Condition evaluation unchanged
2026-09-28 12:36:57 [http-nio-8080-exec-1] INFO  [correlationId=] o.a.c.c.C.[Tomcat].[localhost].[/] - Initializing Spring DispatcherServlet 'dispatcherServlet'
2026-09-28 12:36:57 [http-nio-8080-exec-1] INFO  [correlationId=] o.s.web.servlet.DispatcherServlet - Initializing Servlet 'dispatcherServlet'
2026-09-28 12:36:57 [http-nio-8080-exec-1] INFO  [correlationId=] o.s.web.servlet.DispatcherServlet - Completed initialization in 2 ms
2026-09-28 12:36:57 [http-nio-8080-exec-1] INFO  [correlationId=7b64f5cc-a772-4592-9b6a-234d5764f272] c.e.O.f.RequestResponseLoggingFilter - HTTP Request: GET /swagger-ui/swagger-initializer.js
2026-09-28 12:36:57 [http-nio-8080-exec-1] INFO  [correlationId=7b64f5cc-a772-4592-9b6a-234d5764f272] c.e.O.f.RequestResponseLoggingFilter - HTTP Response: GET /swagger-ui/swagger-initializer.js - Status: 200 - Duration: 60 ms
2026-09-28 12:36:58 [http-nio-8080-exec-2] INFO  [correlationId=c5cb0997-014d-47a3-99b0-cb56663005a1] c.e.O.f.RequestResponseLoggingFilter - HTTP Request: GET /v3/api-docs
2026-09-28 12:36:58 [http-nio-8080-exec-2] INFO  [correlationId=c5cb0997-014d-47a3-99b0-cb56663005a1] o.s.api.AbstractOpenApiResource - Init duration for springdoc-openapi is: 482 ms
2026-09-28 12:36:58 [http-nio-8080-exec-2] INFO  [correlationId=c5cb0997-014d-47a3-99b0-cb56663005a1] c.e.O.f.RequestResponseLoggingFilter - HTTP Response: GET /v3/api-docs - Status: 200 - Duration: 522 ms
2026-09-28 12:37:00 [http-nio-8080-exec-3] INFO  [correlationId=11497129-9baf-409c-8c20-88c99551aa6e] c.e.O.f.RequestResponseLoggingFilter - HTTP Request: GET /swagger-ui/index.html
2026-09-28 12:37:00 [http-nio-8080-exec-3] INFO  [correlationId=11497129-9baf-409c-8c20-88c99551aa6e] c.e.O.f.RequestResponseLoggingFilter - HTTP Response: GET /swagger-ui/index.html - Status: 304 - Duration: 4 ms
2026-09-28 12:37:00 [http-nio-8080-exec-4] INFO  [correlationId=be3718a6-8628-4636-8973-a8d3ccdceff2] c.e.O.f.RequestResponseLoggingFilter - HTTP Request: GET /swagger-ui/swagger-initializer.js
2026-09-28 12:37:00 [http-nio-8080-exec-4] INFO  [correlationId=be3718a6-8628-4636-8973-a8d3ccdceff2] c.e.O.f.RequestResponseLoggingFilter - HTTP Response: GET /swagger-ui/swagger-initializer.js - Status: 200 - Duration: 22 ms
2026-09-28 12:37:00 [http-nio-8080-exec-5] INFO  [correlationId=b6c9a8e2-848d-4ad3-b7da-2eb8fd9e131c] c.e.O.f.RequestResponseLoggingFilter - HTTP Request: GET /v3/api-docs/swagger-config
2026-09-28 12:37:00 [http-nio-8080-exec-5] INFO  [correlationId=b6c9a8e2-848d-4ad3-b7da-2eb8fd9e131c] c.e.O.f.RequestResponseLoggingFilter - HTTP Response: GET /v3/api-docs/swagger-config - Status: 200 - Duration: 5 ms
2026-09-28 12:37:00 [http-nio-8080-exec-6] INFO  [correlationId=e911c2d8-5fce-4d86-8709-2b7007ee12ec] c.e.O.f.RequestResponseLoggingFilter - HTTP Request: GET /v3/api-docs
2026-09-28 12:37:00 [http-nio-8080-exec-6] INFO  [correlationId=e911c2d8-5fce-4d86-8709-2b7007ee12ec] c.e.O.f.RequestResponseLoggingFilter - HTTP Response: GET /v3/api-docs - Status: 200 - Duration: 22 ms
2026-09-28 12:37:14 [http-nio-8080-exec-7] INFO  [correlationId=cc1ec423-c6a3-476c-ae00-65e2e2cfeac1] c.e.O.f.RequestResponseLoggingFilter - HTTP Request: DELETE /api/customers/101
2026-09-28 12:37:14 [http-nio-8080-exec-7] INFO  [correlationId=cc1ec423-c6a3-476c-ae00-65e2e2cfeac1] c.e.O.controller.CustomerController - Customer 101 deleted successfully
2026-09-28 12:37:14 [http-nio-8080-exec-7] INFO  [correlationId=cc1ec423-c6a3-476c-ae00-65e2e2cfeac1] c.e.O.f.RequestResponseLoggingFilter - HTTP Response: DELETE /api/customers/101 - Status: 204 - Duration: 2 ms
2026-09-28 12:39:25 [File Watcher] INFO  [correlationId=] o.s.b.d.a.LocalDevToolsAutoConfiguration$RestartingClassPathChangeChangedEventListener - Restarting due to 1 class path change (1 addition, 0 deletions, 0 modifications)
2026-09-28 12:39:25 [Thread-87] INFO  [correlationId=] o.s.boot.tomcat.GracefulShutdown - Commencing graceful shutdown. Waiting for active requests to complete
2026-09-28 12:39:25 [tomcat-shutdown] INFO  [correlationId=] o.s.boot.tomcat.GracefulShutdown - Graceful shutdown complete
2026-09-28 12:39:26 [restartedMain] INFO  [correlationId=] c.e.O.OpenApiAssignmentApplication - Starting OpenApiAssignmentApplication using Java 21.0.12.1 with PID 14216 (C:\Users\gopi.yerriboyina\Downloads\OpenAPIAssignment\OpenAPIAssignment\target\classes started by gopi.yerriboyina in C:\Users\gopi.yerriboyina\Downloads\OpenAPIAssignment\OpenAPIAssignment)
2026-09-28 12:39:26 [restartedMain] INFO  [correlationId=] c.e.O.OpenApiAssignmentApplication - No active profile set, falling back to 1 default profile: "default"
2026-09-28 12:39:26 [restartedMain] INFO  [correlationId=] o.s.boot.tomcat.TomcatWebServer - Tomcat initialized with port 8080 (http)
2026-09-28 12:39:26 [restartedMain] INFO  [correlationId=] o.a.catalina.core.StandardService - Starting service [Tomcat]
2026-09-28 12:39:26 [restartedMain] INFO  [correlationId=] o.a.catalina.core.StandardEngine - Starting Servlet engine: [Apache Tomcat/11.0.24]
2026-09-28 12:39:26 [restartedMain] INFO  [correlationId=] o.s.b.w.c.s.WebApplicationContextInitializer - Root WebApplicationContext: initialization completed in 902 ms
2026-09-28 12:39:27 [restartedMain] INFO  [correlationId=] o.s.boot.tomcat.TomcatWebServer - Tomcat started on port 8080 (http) with context path '/'
2026-09-28 12:39:27 [restartedMain] INFO  [correlationId=] c.e.O.OpenApiAssignmentApplication - Started OpenApiAssignmentApplication in 1.22 seconds (process running for 9645.484)
2026-09-28 12:39:27 [restartedMain] INFO  [correlationId=] o.s.b.d.a.ConditionEvaluationDeltaLoggingListener - Condition evaluation unchanged
2026-09-28 12:39:38 [File Watcher] INFO  [correlationId=] o.s.b.d.a.LocalDevToolsAutoConfiguration$RestartingClassPathChangeChangedEventListener - Restarting due to 1 class path change (1 addition, 0 deletions, 0 modifications)
2026-09-28 12:39:38 [Thread-91] INFO  [correlationId=] o.s.boot.tomcat.GracefulShutdown - Commencing graceful shutdown. Waiting for active requests to complete
2026-09-28 12:39:38 [tomcat-shutdown] INFO  [correlationId=] o.s.boot.tomcat.GracefulShutdown - Graceful shutdown complete
2026-09-28 12:39:38 [restartedMain] INFO  [correlationId=] c.e.O.OpenApiAssignmentApplication - Starting OpenApiAssignmentApplication using Java 21.0.12.1 with PID 14216 (C:\Users\gopi.yerriboyina\Downloads\OpenAPIAssignment\OpenAPIAssignment\target\classes started by gopi.yerriboyina in C:\Users\gopi.yerriboyina\Downloads\OpenAPIAssignment\OpenAPIAssignment)
2026-09-28 12:39:38 [restartedMain] INFO  [correlationId=] c.e.O.OpenApiAssignmentApplication - No active profile set, falling back to 1 default profile: "default"
2026-09-28 12:39:39 [restartedMain] INFO  [correlationId=] o.s.boot.tomcat.TomcatWebServer - Tomcat initialized with port 8080 (http)
2026-09-28 12:39:39 [restartedMain] INFO  [correlationId=] o.a.catalina.core.StandardService - Starting service [Tomcat]
2026-09-28 12:39:39 [restartedMain] INFO  [correlationId=] o.a.catalina.core.StandardEngine - Starting Servlet engine: [Apache Tomcat/11.0.24]
2026-09-28 12:39:39 [restartedMain] INFO  [correlationId=] o.s.b.w.c.s.WebApplicationContextInitializer - Root WebApplicationContext: initialization completed in 669 ms
2026-09-28 12:39:39 [restartedMain] INFO  [correlationId=] o.s.boot.tomcat.TomcatWebServer - Tomcat started on port 8080 (http) with context path '/'
2026-09-28 12:39:39 [restartedMain] INFO  [correlationId=] c.e.O.OpenApiAssignmentApplication - Started OpenApiAssignmentApplication in 0.987 seconds (process running for 9657.696)
2026-09-28 12:39:39 [restartedMain] INFO  [correlationId=] o.s.b.d.a.ConditionEvaluationDeltaLoggingListener - Condition evaluation unchanged
2026-09-28 12:39:54 [File Watcher] INFO  [correlationId=] o.s.b.d.a.LocalDevToolsAutoConfiguration$RestartingClassPathChangeChangedEventListener - Restarting due to 1 class path change (1 addition, 0 deletions, 0 modifications)
2026-09-28 12:39:54 [Thread-95] INFO  [correlationId=] o.s.boot.tomcat.GracefulShutdown - Commencing graceful shutdown. Waiting for active requests to complete
2026-09-28 12:39:54 [tomcat-shutdown] INFO  [correlationId=] o.s.boot.tomcat.GracefulShutdown - Graceful shutdown complete
2026-09-28 12:39:54 [restartedMain] INFO  [correlationId=] c.e.O.OpenApiAssignmentApplication - Starting OpenApiAssignmentApplication using Java 21.0.12.1 with PID 14216 (C:\Users\gopi.yerriboyina\Downloads\OpenAPIAssignment\OpenAPIAssignment\target\classes started by gopi.yerriboyina in C:\Users\gopi.yerriboyina\Downloads\OpenAPIAssignment\OpenAPIAssignment)
2026-09-28 12:39:54 [restartedMain] INFO  [correlationId=] c.e.O.OpenApiAssignmentApplication - No active profile set, falling back to 1 default profile: "default"
2026-09-28 12:39:55 [restartedMain] INFO  [correlationId=] o.s.boot.tomcat.TomcatWebServer - Tomcat initialized with port 8080 (http)
2026-09-28 12:39:55 [restartedMain] INFO  [correlationId=] o.a.catalina.core.StandardService - Starting service [Tomcat]
2026-09-28 12:39:55 [restartedMain] INFO  [correlationId=] o.a.catalina.core.StandardEngine - Starting Servlet engine: [Apache Tomcat/11.0.24]
2026-09-28 12:39:55 [restartedMain] INFO  [correlationId=] o.s.b.w.c.s.WebApplicationContextInitializer - Root WebApplicationContext: initialization completed in 893 ms
2026-09-28 12:39:56 [restartedMain] INFO  [correlationId=] o.s.boot.tomcat.TomcatWebServer - Tomcat started on port 8080 (http) with context path '/'
2026-09-28 12:39:56 [restartedMain] INFO  [correlationId=] c.e.O.OpenApiAssignmentApplication - Started OpenApiAssignmentApplication in 1.423 seconds (process running for 9674.333)
2026-09-28 12:39:56 [restartedMain] INFO  [correlationId=] o.s.b.d.a.ConditionEvaluationDeltaLoggingListener - Condition evaluation unchanged
2026-09-28 12:40:21 [File Watcher] INFO  [correlationId=] o.s.b.d.a.LocalDevToolsAutoConfiguration$RestartingClassPathChangeChangedEventListener - Restarting due to 1 class path change (0 additions, 0 deletions, 1 modification)
2026-09-28 12:40:21 [Thread-99] INFO  [correlationId=] o.s.boot.tomcat.GracefulShutdown - Commencing graceful shutdown. Waiting for active requests to complete
2026-09-28 12:40:21 [tomcat-shutdown] INFO  [correlationId=] o.s.boot.tomcat.GracefulShutdown - Graceful shutdown complete
2026-09-28 12:40:21 [restartedMain] INFO  [correlationId=] c.e.O.OpenApiAssignmentApplication - Starting OpenApiAssignmentApplication using Java 21.0.12.1 with PID 14216 (C:\Users\gopi.yerriboyina\Downloads\OpenAPIAssignment\OpenAPIAssignment\target\classes started by gopi.yerriboyina in C:\Users\gopi.yerriboyina\Downloads\OpenAPIAssignment\OpenAPIAssignment)
2026-09-28 12:40:21 [restartedMain] INFO  [correlationId=] c.e.O.OpenApiAssignmentApplication - No active profile set, falling back to 1 default profile: "default"
2026-09-28 12:40:22 [restartedMain] INFO  [correlationId=] o.s.boot.tomcat.TomcatWebServer - Tomcat initialized with port 8080 (http)
2026-09-28 12:40:22 [restartedMain] INFO  [correlationId=] o.a.catalina.core.StandardService - Starting service [Tomcat]
2026-09-28 12:40:22 [restartedMain] INFO  [correlationId=] o.a.catalina.core.StandardEngine - Starting Servlet engine: [Apache Tomcat/11.0.24]
2026-09-28 12:40:22 [restartedMain] INFO  [correlationId=] o.s.b.w.c.s.WebApplicationContextInitializer - Root WebApplicationContext: initialization completed in 827 ms
2026-09-28 12:40:23 [restartedMain] INFO  [correlationId=] o.s.boot.tomcat.TomcatWebServer - Tomcat started on port 8080 (http) with context path '/'
2026-09-28 12:40:23 [restartedMain] INFO  [correlationId=] c.e.O.OpenApiAssignmentApplication - Started OpenApiAssignmentApplication in 1.361 seconds (process running for 9701.42)
2026-09-28 12:40:23 [restartedMain] INFO  [correlationId=] o.s.b.d.a.ConditionEvaluationDeltaLoggingListener - Condition evaluation unchanged
2026-09-28 12:40:40 [File Watcher] INFO  [correlationId=] o.s.b.d.a.LocalDevToolsAutoConfiguration$RestartingClassPathChangeChangedEventListener - Restarting due to 1 class path change (0 additions, 0 deletions, 1 modification)
2026-09-28 12:40:40 [Thread-103] INFO  [correlationId=] o.s.boot.tomcat.GracefulShutdown - Commencing graceful shutdown. Waiting for active requests to complete
2026-09-28 12:40:40 [tomcat-shutdown] INFO  [correlationId=] o.s.boot.tomcat.GracefulShutdown - Graceful shutdown complete
2026-09-28 12:40:41 [restartedMain] INFO  [correlationId=] c.e.O.OpenApiAssignmentApplication - Starting OpenApiAssignmentApplication using Java 21.0.12.1 with PID 14216 (C:\Users\gopi.yerriboyina\Downloads\OpenAPIAssignment\OpenAPIAssignment\target\classes started by gopi.yerriboyina in C:\Users\gopi.yerriboyina\Downloads\OpenAPIAssignment\OpenAPIAssignment)
2026-09-28 12:40:41 [restartedMain] INFO  [correlationId=] c.e.O.OpenApiAssignmentApplication - No active profile set, falling back to 1 default profile: "default"
2026-09-28 12:40:41 [restartedMain] INFO  [correlationId=] o.s.boot.tomcat.TomcatWebServer - Tomcat initialized with port 8080 (http)
2026-09-28 12:40:41 [restartedMain] INFO  [correlationId=] o.a.catalina.core.StandardService - Starting service [Tomcat]
2026-09-28 12:40:41 [restartedMain] INFO  [correlationId=] o.a.catalina.core.StandardEngine - Starting Servlet engine: [Apache Tomcat/11.0.24]
2026-09-28 12:40:41 [restartedMain] INFO  [correlationId=] o.s.b.w.c.s.WebApplicationContextInitializer - Root WebApplicationContext: initialization completed in 534 ms
2026-09-28 12:40:41 [restartedMain] INFO  [correlationId=] o.s.boot.tomcat.TomcatWebServer - Tomcat started on port 8080 (http) with context path '/'
2026-09-28 12:40:41 [restartedMain] INFO  [correlationId=] c.e.O.OpenApiAssignmentApplication - Started OpenApiAssignmentApplication in 0.806 seconds (process running for 9720.021)
2026-09-28 12:40:41 [restartedMain] INFO  [correlationId=] o.s.b.d.a.ConditionEvaluationDeltaLoggingListener - Condition evaluation unchanged
2026-09-28 12:40:54 [File Watcher] INFO  [correlationId=] o.s.b.d.a.LocalDevToolsAutoConfiguration$RestartingClassPathChangeChangedEventListener - Restarting due to 1 class path change (0 additions, 0 deletions, 1 modification)
2026-09-28 12:40:54 [Thread-107] INFO  [correlationId=] o.s.boot.tomcat.GracefulShutdown - Commencing graceful shutdown. Waiting for active requests to complete
2026-09-28 12:40:54 [tomcat-shutdown] INFO  [correlationId=] o.s.boot.tomcat.GracefulShutdown - Graceful shutdown complete
2026-09-28 12:40:55 [restartedMain] INFO  [correlationId=] c.e.O.OpenApiAssignmentApplication - Starting OpenApiAssignmentApplication using Java 21.0.12.1 with PID 14216 (C:\Users\gopi.yerriboyina\Downloads\OpenAPIAssignment\OpenAPIAssignment\target\classes started by gopi.yerriboyina in C:\Users\gopi.yerriboyina\Downloads\OpenAPIAssignment\OpenAPIAssignment)
2026-09-28 12:40:55 [restartedMain] INFO  [correlationId=] c.e.O.OpenApiAssignmentApplication - No active profile set, falling back to 1 default profile: "default"
2026-09-28 12:40:55 [restartedMain] INFO  [correlationId=] o.s.boot.tomcat.TomcatWebServer - Tomcat initialized with port 8080 (http)
2026-09-28 12:40:55 [restartedMain] INFO  [correlationId=] o.a.catalina.core.StandardService - Starting service [Tomcat]
2026-09-28 12:40:55 [restartedMain] INFO  [correlationId=] o.a.catalina.core.StandardEngine - Starting Servlet engine: [Apache Tomcat/11.0.24]
2026-09-28 12:40:56 [restartedMain] INFO  [correlationId=] o.s.b.w.c.s.WebApplicationContextInitializer - Root WebApplicationContext: initialization completed in 1009 ms
2026-09-28 12:40:56 [restartedMain] INFO  [correlationId=] o.s.boot.tomcat.TomcatWebServer - Tomcat started on port 8080 (http) with context path '/'
2026-09-28 12:40:56 [restartedMain] INFO  [correlationId=] c.e.O.OpenApiAssignmentApplication - Started OpenApiAssignmentApplication in 1.583 seconds (process running for 9734.914)
2026-09-28 12:40:56 [restartedMain] INFO  [correlationId=] o.s.b.d.a.ConditionEvaluationDeltaLoggingListener - Condition evaluation unchanged
2026-09-28 12:42:03 [File Watcher] INFO  [correlationId=] o.s.b.d.a.LocalDevToolsAutoConfiguration$RestartingClassPathChangeChangedEventListener - Restarting due to 1 class path change (0 additions, 0 deletions, 1 modification)
2026-09-28 12:42:03 [Thread-111] INFO  [correlationId=] o.s.boot.tomcat.GracefulShutdown - Commencing graceful shutdown. Waiting for active requests to complete
2026-09-28 12:42:03 [tomcat-shutdown] INFO  [correlationId=] o.s.boot.tomcat.GracefulShutdown - Graceful shutdown complete
2026-09-28 12:42:03 [restartedMain] ERROR [correlationId=] o.s.boot.SpringApplication - Application run failed
mapping values are not allowed here
 in 'reader', line 4, column 14:
         profiles:
                 ^

	at org.yaml.snakeyaml.scanner.ScannerImpl.fetchValue(ScannerImpl.java:917)
	at org.yaml.snakeyaml.scanner.ScannerImpl.fetchMoreTokens(ScannerImpl.java:406)
	at org.yaml.snakeyaml.scanner.ScannerImpl.checkToken(ScannerImpl.java:239)
	at org.yaml.snakeyaml.parser.ParserImpl$ParseBlockMappingKey.produce(ParserImpl.java:637)
	at org.yaml.snakeyaml.parser.ParserImpl.peekEvent(ParserImpl.java:161)
	at org.yaml.snakeyaml.comments.CommentEventsCollector$1.peek(CommentEventsCollector.java:57)
	at org.yaml.snakeyaml.comments.CommentEventsCollector$1.peek(CommentEventsCollector.java:43)
	at org.yaml.snakeyaml.comments.CommentEventsCollector.collectEvents(CommentEventsCollector.java:136)
	at org.yaml.snakeyaml.comments.CommentEventsCollector.collectEvents(CommentEventsCollector.java:116)
	at org.yaml.snakeyaml.composer.Composer.composeScalarNode(Composer.java:249)
	at org.yaml.snakeyaml.composer.Composer.composeNode(Composer.java:214)
	at org.yaml.snakeyaml.composer.Composer.composeValueNode(Composer.java:396)
	at org.yaml.snakeyaml.composer.Composer.composeMappingChildren(Composer.java:361)
	at org.yaml.snakeyaml.composer.Composer.composeMappingNode(Composer.java:329)
	at org.yaml.snakeyaml.composer.Composer.composeNode(Composer.java:218)
	at org.yaml.snakeyaml.composer.Composer.composeValueNode(Composer.java:396)
	at org.yaml.snakeyaml.composer.Composer.composeMappingChildren(Composer.java:361)
	at org.yaml.snakeyaml.composer.Composer.composeMappingNode(Composer.java:329)
	at org.yaml.snakeyaml.composer.Composer.composeNode(Composer.java:218)
	at org.yaml.snakeyaml.composer.Composer.composeValueNode(Composer.java:396)
	at org.yaml.snakeyaml.composer.Composer.composeMappingChildren(Composer.java:361)
	at org.yaml.snakeyaml.composer.Composer.composeMappingNode(Composer.java:329)
	at org.yaml.snakeyaml.composer.Composer.composeNode(Composer.java:218)
	at org.yaml.snakeyaml.composer.Composer.getNode(Composer.java:141)
	at org.yaml.snakeyaml.constructor.BaseConstructor.getData(BaseConstructor.java:163)
	at org.springframework.boot.env.OriginTrackedYamlLoader$OriginTrackingConstructor.getData(OriginTrackedYamlLoader.java:100)
	at org.yaml.snakeyaml.Yaml$1.next(Yaml.java:530)
	at org.springframework.beans.factory.config.YamlProcessor.process(YamlProcessor.java:203)
	at org.springframework.beans.factory.config.YamlProcessor.process(YamlProcessor.java:169)
	at org.springframework.boot.env.OriginTrackedYamlLoader.load(OriginTrackedYamlLoader.java:85)
	at org.springframework.boot.env.YamlPropertySourceLoader.load(YamlPropertySourceLoader.java:50)
	at org.springframework.boot.env.PropertySourceLoader.load(PropertySourceLoader.java:71)
	at org.springframework.boot.context.config.StandardConfigDataLoader.load(StandardConfigDataLoader.java:55)
	at org.springframework.boot.context.config.StandardConfigDataLoader.load(StandardConfigDataLoader.java:36)
	at org.springframework.boot.context.config.ConfigDataLoaders.load(ConfigDataLoaders.java:100)
	at org.springframework.boot.context.config.ConfigDataImporter.load(ConfigDataImporter.java:133)
	at org.springframework.boot.context.config.ConfigDataImporter.resolveAndLoad(ConfigDataImporter.java:88)
	at org.springframework.boot.context.config.ConfigDataEnvironmentContributors.withProcessedImports(ConfigDataEnvironmentContributors.java:130)
	at org.springframework.boot.context.config.ConfigDataEnvironment.processInitial(ConfigDataEnvironment.java:253)
	at org.springframework.boot.context.config.ConfigDataEnvironment.processAndApply(ConfigDataEnvironment.java:240)
	at org.springframework.boot.context.config.ConfigDataEnvironmentPostProcessor.postProcessEnvironment(ConfigDataEnvironmentPostProcessor.java:97)
	at org.springframework.boot.context.config.ConfigDataEnvironmentPostProcessor.postProcessEnvironment(ConfigDataEnvironmentPostProcessor.java:90)
	at org.springframework.boot.support.EnvironmentPostProcessorApplicationListener.onApplicationEnvironmentPreparedEvent(EnvironmentPostProcessorApplicationListener.java:137)
	at org.springframework.boot.support.EnvironmentPostProcessorApplicationListener.onApplicationEvent(EnvironmentPostProcessorApplicationListener.java:120)
	at org.springframework.context.event.SimpleApplicationEventMulticaster.doInvokeListener(SimpleApplicationEventMulticaster.java:180)
	at org.springframework.context.event.SimpleApplicationEventMulticaster.invokeListener(SimpleApplicationEventMulticaster.java:173)
	at org.springframework.context.event.SimpleApplicationEventMulticaster.multicastEvent(SimpleApplicationEventMulticaster.java:151)
	at org.springframework.context.event.SimpleApplicationEventMulticaster.multicastEvent(SimpleApplicationEventMulticaster.java:133)
	at org.springframework.boot.context.event.EventPublishingRunListener.multicastInitialEvent(EventPublishingRunListener.java:137)
	at org.springframework.boot.context.event.EventPublishingRunListener.environmentPrepared(EventPublishingRunListener.java:82)
	at org.springframework.boot.SpringApplicationRunListeners.lambda$environmentPrepared$0(SpringApplicationRunListeners.java:66)
	at java.base/java.lang.Iterable.forEach(Iterable.java:75)
	at org.springframework.boot.SpringApplicationRunListeners.doWithListeners(SpringApplicationRunListeners.java:123)
	at org.springframework.boot.SpringApplicationRunListeners.doWithListeners(SpringApplicationRunListeners.java:117)
	at org.springframework.boot.SpringApplicationRunListeners.environmentPrepared(SpringApplicationRunListeners.java:65)
	at org.springframework.boot.SpringApplication.prepareEnvironment(SpringApplication.java:356)
	at org.springframework.boot.SpringApplication.run(SpringApplication.java:316)
	at org.springframework.boot.SpringApplication.run(SpringApplication.java:1365)
	at org.springframework.boot.SpringApplication.run(SpringApplication.java:1354)
	at com.example.OpenAPIAssignment.OpenApiAssignmentApplication.main(OpenApiAssignmentApplication.java:10)
	at java.base/jdk.internal.reflect.DirectMethodHandleAccessor.invoke(DirectMethodHandleAccessor.java:103)
	at java.base/java.lang.reflect.Method.invoke(Method.java:580)
	at org.springframework.boot.devtools.restart.RestartLauncher.run(RestartLauncher.java:52)
2026-09-28 12:42:53 [restartedMain] ERROR [correlationId=] o.s.boot.SpringApplication - Application run failed
while scanning for the next token
found character '\t(TAB)' that cannot start any token. (Do not use \t(TAB) for indentation)
 in 'reader', line 5, column 1:
    	    active: dev
    ^

	at org.yaml.snakeyaml.scanner.ScannerImpl.fetchMoreTokens(ScannerImpl.java:460)
	at org.yaml.snakeyaml.scanner.ScannerImpl.checkToken(ScannerImpl.java:239)
	at org.yaml.snakeyaml.parser.ParserImpl$ParseBlockMappingValue.produce(ParserImpl.java:669)
	at org.yaml.snakeyaml.parser.ParserImpl.peekEvent(ParserImpl.java:161)
	at org.yaml.snakeyaml.comments.CommentEventsCollector$1.peek(CommentEventsCollector.java:57)
	at org.yaml.snakeyaml.comments.CommentEventsCollector$1.peek(CommentEventsCollector.java:43)
	at org.yaml.snakeyaml.comments.CommentEventsCollector.collectEvents(CommentEventsCollector.java:136)
	at org.yaml.snakeyaml.comments.CommentEventsCollector.collectEvents(CommentEventsCollector.java:116)
	at org.yaml.snakeyaml.composer.Composer.composeScalarNode(Composer.java:249)
	at org.yaml.snakeyaml.composer.Composer.composeNode(Composer.java:214)
	at org.yaml.snakeyaml.composer.Composer.composeKeyNode(Composer.java:386)
	at org.yaml.snakeyaml.composer.Composer.composeMappingChildren(Composer.java:357)
	at org.yaml.snakeyaml.composer.Composer.composeMappingNode(Composer.java:329)
	at org.yaml.snakeyaml.composer.Composer.composeNode(Composer.java:218)
	at org.yaml.snakeyaml.composer.Composer.composeValueNode(Composer.java:396)
	at org.yaml.snakeyaml.composer.Composer.composeMappingChildren(Composer.java:361)
	at org.yaml.snakeyaml.composer.Composer.composeMappingNode(Composer.java:329)
	at org.yaml.snakeyaml.composer.Composer.composeNode(Composer.java:218)
	at org.yaml.snakeyaml.composer.Composer.getNode(Composer.java:141)
	at org.yaml.snakeyaml.constructor.BaseConstructor.getData(BaseConstructor.java:163)
	at org.springframework.boot.env.OriginTrackedYamlLoader$OriginTrackingConstructor.getData(OriginTrackedYamlLoader.java:100)
	at org.yaml.snakeyaml.Yaml$1.next(Yaml.java:530)
	at org.springframework.beans.factory.config.YamlProcessor.process(YamlProcessor.java:203)
	at org.springframework.beans.factory.config.YamlProcessor.process(YamlProcessor.java:169)
	at org.springframework.boot.env.OriginTrackedYamlLoader.load(OriginTrackedYamlLoader.java:85)
	at org.springframework.boot.env.YamlPropertySourceLoader.load(YamlPropertySourceLoader.java:50)
	at org.springframework.boot.env.PropertySourceLoader.load(PropertySourceLoader.java:71)
	at org.springframework.boot.context.config.StandardConfigDataLoader.load(StandardConfigDataLoader.java:55)
	at org.springframework.boot.context.config.StandardConfigDataLoader.load(StandardConfigDataLoader.java:36)
	at org.springframework.boot.context.config.ConfigDataLoaders.load(ConfigDataLoaders.java:100)
	at org.springframework.boot.context.config.ConfigDataImporter.load(ConfigDataImporter.java:133)
	at org.springframework.boot.context.config.ConfigDataImporter.resolveAndLoad(ConfigDataImporter.java:88)
	at org.springframework.boot.context.config.ConfigDataEnvironmentContributors.withProcessedImports(ConfigDataEnvironmentContributors.java:130)
	at org.springframework.boot.context.config.ConfigDataEnvironment.processInitial(ConfigDataEnvironment.java:253)
	at org.springframework.boot.context.config.ConfigDataEnvironment.processAndApply(ConfigDataEnvironment.java:240)
	at org.springframework.boot.context.config.ConfigDataEnvironmentPostProcessor.postProcessEnvironment(ConfigDataEnvironmentPostProcessor.java:97)
	at org.springframework.boot.context.config.ConfigDataEnvironmentPostProcessor.postProcessEnvironment(ConfigDataEnvironmentPostProcessor.java:90)
	at org.springframework.boot.support.EnvironmentPostProcessorApplicationListener.onApplicationEnvironmentPreparedEvent(EnvironmentPostProcessorApplicationListener.java:137)
	at org.springframework.boot.support.EnvironmentPostProcessorApplicationListener.onApplicationEvent(EnvironmentPostProcessorApplicationListener.java:120)
	at org.springframework.context.event.SimpleApplicationEventMulticaster.doInvokeListener(SimpleApplicationEventMulticaster.java:180)
	at org.springframework.context.event.SimpleApplicationEventMulticaster.invokeListener(SimpleApplicationEventMulticaster.java:173)
	at org.springframework.context.event.SimpleApplicationEventMulticaster.multicastEvent(SimpleApplicationEventMulticaster.java:151)
	at org.springframework.context.event.SimpleApplicationEventMulticaster.multicastEvent(SimpleApplicationEventMulticaster.java:133)
	at org.springframework.boot.context.event.EventPublishingRunListener.multicastInitialEvent(EventPublishingRunListener.java:137)
	at org.springframework.boot.context.event.EventPublishingRunListener.environmentPrepared(EventPublishingRunListener.java:82)
	at org.springframework.boot.SpringApplicationRunListeners.lambda$environmentPrepared$0(SpringApplicationRunListeners.java:66)
	at java.base/java.lang.Iterable.forEach(Iterable.java:75)
	at org.springframework.boot.SpringApplicationRunListeners.doWithListeners(SpringApplicationRunListeners.java:123)
	at org.springframework.boot.SpringApplicationRunListeners.doWithListeners(SpringApplicationRunListeners.java:117)
	at org.springframework.boot.SpringApplicationRunListeners.environmentPrepared(SpringApplicationRunListeners.java:65)
	at org.springframework.boot.SpringApplication.prepareEnvironment(SpringApplication.java:356)
	at org.springframework.boot.SpringApplication.run(SpringApplication.java:316)
	at org.springframework.boot.SpringApplication.run(SpringApplication.java:1365)
	at org.springframework.boot.SpringApplication.run(SpringApplication.java:1354)
	at com.example.OpenAPIAssignment.OpenApiAssignmentApplication.main(OpenApiAssignmentApplication.java:10)
	at java.base/jdk.internal.reflect.DirectMethodHandleAccessor.invoke(DirectMethodHandleAccessor.java:103)
	at java.base/java.lang.reflect.Method.invoke(Method.java:580)
	at org.springframework.boot.devtools.restart.RestartLauncher.run(RestartLauncher.java:52)
2026-09-28 12:42:59 [restartedMain] INFO  [correlationId=] c.e.O.OpenApiAssignmentApplication - Starting OpenApiAssignmentApplication using Java 21.0.12.1 with PID 14216 (C:\Users\gopi.yerriboyina\Downloads\OpenAPIAssignment\OpenAPIAssignment\target\classes started by gopi.yerriboyina in C:\Users\gopi.yerriboyina\Downloads\OpenAPIAssignment\OpenAPIAssignment)
2026-09-28 12:42:59 [restartedMain] DEBUG [correlationId=] c.e.O.OpenApiAssignmentApplication - Running with Spring Boot v4.1.1, Spring v7.0.9
2026-09-28 12:42:59 [restartedMain] INFO  [correlationId=] c.e.O.OpenApiAssignmentApplication - The following 1 profile is active: "dev"
2026-09-28 12:42:59 [restartedMain] INFO  [correlationId=] o.s.boot.tomcat.TomcatWebServer - Tomcat initialized with port 8080 (http)
2026-09-28 12:42:59 [restartedMain] INFO  [correlationId=] o.a.catalina.core.StandardService - Starting service [Tomcat]
2026-09-28 12:42:59 [restartedMain] INFO  [correlationId=] o.a.catalina.core.StandardEngine - Starting Servlet engine: [Apache Tomcat/11.0.24]
2026-09-28 12:42:59 [restartedMain] INFO  [correlationId=] o.s.b.w.c.s.WebApplicationContextInitializer - Root WebApplicationContext: initialization completed in 668 ms
2026-09-28 12:42:59 [restartedMain] DEBUG [correlationId=] c.e.O.filter.CorrelationIdFilter - Filter 'correlationIdFilter' configured for use
2026-09-28 12:43:00 [restartedMain] DEBUG [correlationId=] c.e.O.f.RequestResponseLoggingFilter - Filter 'requestResponseLoggingFilter' configured for use
2026-09-28 12:43:00 [restartedMain] INFO  [correlationId=] o.s.boot.tomcat.TomcatWebServer - Tomcat started on port 8080 (http) with context path '/'
2026-09-28 12:43:00 [restartedMain] INFO  [correlationId=] c.e.O.OpenApiAssignmentApplication - Started OpenApiAssignmentApplication in 1.157 seconds (process running for 9858.546)
2026-09-28 12:43:00 [restartedMain] INFO  [correlationId=] o.s.b.d.a.ConditionEvaluationDeltaLoggingListener - Condition evaluation unchanged
2026-09-28 12:53:52 [File Watcher] INFO  [correlationId=] o.s.b.d.a.LocalDevToolsAutoConfiguration$RestartingClassPathChangeChangedEventListener - Restarting due to 1 class path change (0 additions, 0 deletions, 1 modification)
2026-09-28 12:53:52 [Thread-115] INFO  [correlationId=] o.s.boot.tomcat.GracefulShutdown - Commencing graceful shutdown. Waiting for active requests to complete
2026-09-28 12:53:52 [tomcat-shutdown] INFO  [correlationId=] o.s.boot.tomcat.GracefulShutdown - Graceful shutdown complete
2026-09-28 12:53:53 [restartedMain] INFO  [correlationId=] c.e.O.OpenApiAssignmentApplication - Starting OpenApiAssignmentApplication using Java 21.0.12.1 with PID 14216 (C:\Users\gopi.yerriboyina\Downloads\OpenAPIAssignment\OpenAPIAssignment\target\classes started by gopi.yerriboyina in C:\Users\gopi.yerriboyina\Downloads\OpenAPIAssignment\OpenAPIAssignment)
2026-09-28 12:53:53 [restartedMain] DEBUG [correlationId=] c.e.O.OpenApiAssignmentApplication - Running with Spring Boot v4.1.1, Spring v7.0.9
2026-09-28 12:53:53 [restartedMain] INFO  [correlationId=] c.e.O.OpenApiAssignmentApplication - The following 1 profile is active: "dev"
2026-09-28 12:53:54 [restartedMain] INFO  [correlationId=] o.s.boot.tomcat.TomcatWebServer - Tomcat initialized with port 8080 (http)
2026-09-28 12:53:54 [restartedMain] INFO  [correlationId=] o.a.catalina.core.StandardService - Starting service [Tomcat]
2026-09-28 12:53:54 [restartedMain] INFO  [correlationId=] o.a.catalina.core.StandardEngine - Starting Servlet engine: [Apache Tomcat/11.0.24]
2026-09-28 12:53:54 [restartedMain] INFO  [correlationId=] o.s.b.w.c.s.WebApplicationContextInitializer - Root WebApplicationContext: initialization completed in 905 ms
2026-09-28 12:53:54 [restartedMain] DEBUG [correlationId=] c.e.O.filter.CorrelationIdFilter - Filter 'correlationIdFilter' configured for use
2026-09-28 12:53:54 [restartedMain] DEBUG [correlationId=] c.e.O.f.RequestResponseLoggingFilter - Filter 'requestResponseLoggingFilter' configured for use
2026-09-28 12:53:54 [restartedMain] INFO  [correlationId=] o.s.boot.tomcat.TomcatWebServer - Tomcat started on port 8080 (http) with context path '/'
2026-09-28 12:53:54 [restartedMain] INFO  [correlationId=] c.e.O.OpenApiAssignmentApplication - Started OpenApiAssignmentApplication in 1.256 seconds (process running for 10512.667)
2026-09-28 12:53:54 [restartedMain] INFO  [correlationId=] o.s.b.d.a.ConditionEvaluationDeltaLoggingListener - Condition evaluation unchanged
2026-09-28 12:55:06 [http-nio-8080-exec-1] INFO  [correlationId=] o.a.c.c.C.[Tomcat].[localhost].[/] - Initializing Spring DispatcherServlet 'dispatcherServlet'
2026-09-28 12:55:06 [http-nio-8080-exec-1] INFO  [correlationId=] o.s.web.servlet.DispatcherServlet - Initializing Servlet 'dispatcherServlet'
2026-09-28 12:55:06 [http-nio-8080-exec-1] INFO  [correlationId=] o.s.web.servlet.DispatcherServlet - Completed initialization in 2 ms
2026-09-28 12:55:06 [http-nio-8080-exec-1] INFO  [correlationId=01c51bbd-e68f-45ab-b1ce-5982c81fa97e] c.e.O.f.RequestResponseLoggingFilter - HTTP Request: DELETE /api/customers/101
2026-09-28 12:55:06 [http-nio-8080-exec-1] INFO  [correlationId=01c51bbd-e68f-45ab-b1ce-5982c81fa97e] c.e.O.controller.CustomerController - Customer operation-action=delete,customerId=101
2026-09-28 12:55:06 [http-nio-8080-exec-1] INFO  [correlationId=01c51bbd-e68f-45ab-b1ce-5982c81fa97e] c.e.O.f.RequestResponseLoggingFilter - HTTP Response: DELETE /api/customers/101 - Status: 204 - Duration: 4 ms
2026-09-28 12:55:50 [http-nio-8080-exec-2] INFO  [correlationId=26c135d5-ec0f-4cfd-a059-eb3730fa17bf] c.e.O.f.RequestResponseLoggingFilter - HTTP Request: GET /api/customers/101
2026-09-28 12:55:50 [http-nio-8080-exec-2] INFO  [correlationId=26c135d5-ec0f-4cfd-a059-eb3730fa17bf] c.e.O.f.RequestResponseLoggingFilter - HTTP Response: GET /api/customers/101 - Status: 200 - Duration: 25 ms
2026-09-28 13:06:42 [http-nio-8080-exec-5] INFO  [correlationId=] o.a.coyote.http11.Http11Processor - Error parsing HTTP request header
 Note: further occurrences of HTTP request parsing errors will be logged at DEBUG level.
java.lang.IllegalArgumentException: Invalid character found in method name [0x160x030x010x000xf30x010x000x000xef0x030x030x95$0x100x0cg0x0c0x1e10x140xd70l!0xe80xcb0xc90x870x1e30xe7,0xff0x8btU>0xee ]. HTTP method names must be tokens
	at org.apache.coyote.http11.Http11InputBuffer.parseRequestLine(Http11InputBuffer.java:398)
	at org.apache.coyote.http11.Http11Processor.service(Http11Processor.java:279)
	at org.apache.coyote.AbstractProcessorLight.process(AbstractProcessorLight.java:71)
	at org.apache.coyote.AbstractProtocol$ConnectionHandler.process(AbstractProtocol.java:1307)
	at org.apache.tomcat.util.net.NioEndpoint$SocketProcessor.doRun(NioEndpoint.java:2036)
	at org.apache.tomcat.util.net.SocketProcessorBase.run(SocketProcessorBase.java:74)
	at org.apache.tomcat.util.threads.ThreadPoolExecutor.runWorker(ThreadPoolExecutor.java:949)
	at org.apache.tomcat.util.threads.ThreadPoolExecutor$Worker.run(ThreadPoolExecutor.java:483)
	at org.apache.tomcat.util.threads.TaskThread$WrappingRunnable.run(TaskThread.java:74)
	at java.base/java.lang.Thread.run(Thread.java:1583)
2026-09-28 13:06:53 [http-nio-8080-exec-7] INFO  [correlationId=] o.a.coyote.http11.Http11Processor - Error parsing HTTP request header
 Note: further occurrences of HTTP request parsing errors will be logged at DEBUG level.
java.lang.IllegalArgumentException: Invalid character found in method name [0x160x030x010x000xf30x010x000x000xef0x030x03rm0xbf0x980xc30x98r0xe90xba0xe90x1d0x090xa2j+0xf6SA0x13O0xee0xc0dp0xdb0xaa0xcfUw0x190x14P ]. HTTP method names must be tokens
	at org.apache.coyote.http11.Http11InputBuffer.parseRequestLine(Http11InputBuffer.java:398)
	at org.apache.coyote.http11.Http11Processor.service(Http11Processor.java:279)
	at org.apache.coyote.AbstractProcessorLight.process(AbstractProcessorLight.java:71)
	at org.apache.coyote.AbstractProtocol$ConnectionHandler.process(AbstractProtocol.java:1307)
	at org.apache.tomcat.util.net.NioEndpoint$SocketProcessor.doRun(NioEndpoint.java:2036)
	at org.apache.tomcat.util.net.SocketProcessorBase.run(SocketProcessorBase.java:74)
	at org.apache.tomcat.util.threads.ThreadPoolExecutor.runWorker(ThreadPoolExecutor.java:949)
	at org.apache.tomcat.util.threads.ThreadPoolExecutor$Worker.run(ThreadPoolExecutor.java:483)
	at org.apache.tomcat.util.threads.TaskThread$WrappingRunnable.run(TaskThread.java:74)
	at java.base/java.lang.Thread.run(Thread.java:1583)
2026-09-28 13:08:40 [http-nio-8080-exec-9] INFO  [correlationId=435b2d25-e016-491a-a81f-f85298c35182] c.e.O.f.RequestResponseLoggingFilter - HTTP Request: GET /api/customers
2026-09-28 13:08:40 [http-nio-8080-exec-9] INFO  [correlationId=435b2d25-e016-491a-a81f-f85298c35182] c.e.O.controller.CustomerController - Customer operation - action=getAll
2026-09-28 13:08:40 [http-nio-8080-exec-9] INFO  [correlationId=435b2d25-e016-491a-a81f-f85298c35182] c.e.O.f.RequestResponseLoggingFilter - HTTP Response: GET /api/customers - Status: 200 - Duration: 75 ms
2026-09-28 13:10:06 [http-nio-8080-exec-1] INFO  [correlationId=TEST-12300] c.e.O.f.RequestResponseLoggingFilter - HTTP Request: GET /api/customers
2026-09-28 13:10:06 [http-nio-8080-exec-1] INFO  [correlationId=TEST-12300] c.e.O.controller.CustomerController - Customer operation - action=getAll
2026-09-28 13:10:06 [http-nio-8080-exec-1] INFO  [correlationId=TEST-12300] c.e.O.f.RequestResponseLoggingFilter - HTTP Response: GET /api/customers - Status: 200 - Duration: 2 ms
2026-09-28 13:14:13 [http-nio-8080-exec-5] INFO  [correlationId=TEST-12300] c.e.O.f.RequestResponseLoggingFilter - HTTP Request: POST /api/customers
2026-09-28 13:14:13 [http-nio-8080-exec-5] INFO  [correlationId=TEST-12300] c.e.O.controller.CustomerController - Customer operation -action=create 
2026-09-28 13:14:13 [http-nio-8080-exec-5] INFO  [correlationId=TEST-12300] c.e.O.f.RequestResponseLoggingFilter - HTTP Response: POST /api/customers - Status: 201 - Duration: 163 ms
2026-09-28 13:15:02 [http-nio-8080-exec-6] INFO  [correlationId=TEST-12344] c.e.O.f.RequestResponseLoggingFilter - HTTP Request: POST /api/customers
2026-09-28 13:15:02 [http-nio-8080-exec-6] INFO  [correlationId=TEST-12344] c.e.O.controller.CustomerController - Customer operation -action=create 
2026-09-28 13:15:02 [http-nio-8080-exec-6] INFO  [correlationId=TEST-12344] c.e.O.f.RequestResponseLoggingFilter - HTTP Response: POST /api/customers - Status: 201 - Duration: 13 ms
2026-09-28 13:15:18 [http-nio-8080-exec-7] INFO  [correlationId=TEST-12344] c.e.O.f.RequestResponseLoggingFilter - HTTP Request: POST /api/customers
2026-09-28 13:15:18 [http-nio-8080-exec-7] INFO  [correlationId=TEST-12344] c.e.O.controller.CustomerController - Customer operation -action=create 
2026-09-28 13:15:18 [http-nio-8080-exec-7] INFO  [correlationId=TEST-12344] c.e.O.f.RequestResponseLoggingFilter - HTTP Response: POST /api/customers - Status: 201 - Duration: 2 ms
2026-09-28 13:17:36 [http-nio-8080-exec-10] INFO  [correlationId=TEST-12344] c.e.O.f.RequestResponseLoggingFilter - HTTP Request: PUT /api/customers/104
2026-09-28 13:17:36 [http-nio-8080-exec-10] INFO  [correlationId=TEST-12344] c.e.O.controller.CustomerController - Customer operation - action=update, customerId=104
2026-09-28 13:17:36 [http-nio-8080-exec-10] INFO  [correlationId=TEST-12344] c.e.O.f.RequestResponseLoggingFilter - HTTP Response: PUT /api/customers/104 - Status: 200 - Duration: 12 ms
